// Jest Snapshot v1, https://goo.gl/fbAQLP

exports[`App should render correctly 1`] = `
<DocumentFragment>
  <section
    class="go115679"
  >
    <div
      class="go3163197887"
    >
      <img
        alt="project logo"
        height="250"
        src="static-asset-stub"
        width="250"
      />
    </div>
    <div
      class="go3058692710"
    >
      <h1
        class="go2656262278"
      >
        This is test description
      </h1>
    </div>
    <header
      class="go3216292504"
    >
      <a
        class=""
        href="/"
      >
        Home
      </a>
      <a
        class=""
        href="/about-me"
      >
        About me
      </a>
    </header>
    <section>
      <h1>
        Testing store
      </h1>
      <section>
        Check redux-dev-tools: 
        <strong>
          12
        </strong>
      </section>
      <hr />
      <button
        class="go3736257620"
        type="button"
      >
        Increment
      </button>
      <hr />
      <button
        class="go3736257620"
        type="button"
      >
        Check translations
      </button>
      <hr />
    </section>
    <main>
      <section
        class="go102895561"
      >
        <div>
          <h1>
            Check pre-rendering
          </h1>
        </div>
        <div>
          <button
            class="go3736257620"
            type="button"
          >
            Load more
          </button>
        </div>
        <ul />
      </section>
    </main>
  </section>
</DocumentFragment>
`;
