// Jest Snapshot v1, https://goo.gl/fbAQLP

exports[`App should render correctly 1`] = `
<DocumentFragment>
  <section
    class="go84"
  >
    <h1>
      This is test description
    </h1>
    <header>
      <a
        class=""
        href="/"
      >
        Home
      </a>
      <a
        class=""
        href="/about-me"
      >
        About me
      </a>
    </header>
    <section>
      <h1>
        Testing store
      </h1>
      <section>
        Check redux-dev-tools: 
        <strong>
          12
        </strong>
      </section>
      <hr />
      <button
        class="go55981"
        type="button"
      >
        Increment
      </button>
      <hr />
      <button
        class="go55981"
        type="button"
      >
        Change to polish
      </button>
      <hr />
    </section>
    <main>
      <section
        class="go84"
      >
        <div>
          <h1>
            Testing pre-rendering
          </h1>
        </div>
        <div>
          <button
            class="go55981"
            type="button"
          >
            Load more
          </button>
        </div>
        <ul />
      </section>
    </main>
  </section>
</DocumentFragment>
`;
